[06:39:23Z] 6h adversarial soak collector started (project=caadv_6h, mutation-rate 0.15)
[06:49:24Z] amaru relays up; soaking...
06:49:24Z hon_bh=230 adv_bh=224 ORACLE_FAILS=0 adv_rejects=5 panics=0 exited=[caadv_6h-amaru-consumer-seed-1:Exited (0) 28 seconds ago,caadv_6h-bootstrap-producer-1:Exited (0) 28 seconds ago,caadv_6h-configurator-1:Exited (0) 11 minutes ago,]
07:04:24Z hon_bh=290 adv_bh=224 ORACLE_FAILS=0 adv_rejects=185 panics=0 exited=[caadv_6h-amaru-consumer-seed-1:Exited (0) 15 minutes ago,caadv_6h-bootstrap-producer-1:Exited (0) 2 minutes ago,caadv_6h-configurator-1:Exited (0) 2 minutes ago,]
07:19:24Z hon_bh=290 adv_bh=224 ORACLE_FAILS=0 adv_rejects=365 panics=0 exited=[caadv_6h-amaru-consumer-seed-1:Exited (0) 30 minutes ago,caadv_6h-bootstrap-producer-1:Exited (0) 17 minutes ago,caadv_6h-configurator-1:Exited (0) 17 minutes ago,]
07:34:24Z hon_bh=290 adv_bh=224 ORACLE_FAILS=0 adv_rejects=512 panics=0 exited=[caadv_6h-amaru-consumer-seed-1:Exited (0) 45 minutes ago,caadv_6h-bootstrap-producer-1:Exited (0) 32 minutes ago,caadv_6h-configurator-1:Exited (0) 32 minutes ago,]
07:49:24Z hon_bh=290 adv_bh=224 ORACLE_FAILS=0 adv_rejects=512 panics=0 exited=[caadv_6h-amaru-consumer-seed-1:Exited (0) About an hour ago,caadv_6h-bootstrap-producer-1:Exited (0) 47 minutes ago,caadv_6h-configurator-1:Exited (0) 47 minutes ago,]
08:04:24Z hon_bh=290 adv_bh=224 ORACLE_FAILS=0 adv_rejects=512 panics=0 exited=[caadv_6h-amaru-consumer-seed-1:Exited (0) About an hour ago,caadv_6h-bootstrap-producer-1:Exited (0) About an hour ago,caadv_6h-configurator-1:Exited (0) About an hour ago,]
08:19:24Z hon_bh=290 adv_bh=224 ORACLE_FAILS=0 adv_rejects=512 panics=0 exited=[caadv_6h-amaru-consumer-seed-1:Exited (0) 2 hours ago,caadv_6h-bootstrap-producer-1:Exited (0) About an hour ago,caadv_6h-configurator-1:Exited (0) About an hour ago,]
08:34:25Z hon_bh=290 adv_bh=224 ORACLE_FAILS=0 adv_rejects=512 panics=0 exited=[caadv_6h-amaru-consumer-seed-1:Exited (0) 2 hours ago,caadv_6h-bootstrap-producer-1:Exited (0) 2 hours ago,caadv_6h-configurator-1:Exited (0) 2 hours ago,]
08:49:25Z hon_bh=290 adv_bh=224 ORACLE_FAILS=0 adv_rejects=512 panics=0 exited=[caadv_6h-amaru-consumer-seed-1:Exited (0) 2 hours ago,caadv_6h-bootstrap-producer-1:Exited (0) 2 hours ago,caadv_6h-configurator-1:Exited (0) 2 hours ago,]
09:04:25Z hon_bh=290 adv_bh=224 ORACLE_FAILS=0 adv_rejects=512 panics=0 exited=[caadv_6h-amaru-consumer-seed-1:Exited (0) 2 hours ago,caadv_6h-bootstrap-producer-1:Exited (0) 2 hours ago,caadv_6h-configurator-1:Exited (0) 2 hours ago,]
09:19:25Z hon_bh=290 adv_bh=224 ORACLE_FAILS=0 adv_rejects=512 panics=0 exited=[caadv_6h-amaru-consumer-seed-1:Exited (0) 3 hours ago,caadv_6h-bootstrap-producer-1:Exited (0) 2 hours ago,caadv_6h-configurator-1:Exited (0) 2 hours ago,]
09:34:25Z hon_bh=290 adv_bh=224 ORACLE_FAILS=0 adv_rejects=512 panics=0 exited=[caadv_6h-amaru-consumer-seed-1:Exited (0) 3 hours ago,caadv_6h-bootstrap-producer-1:Exited (0) 3 hours ago,caadv_6h-configurator-1:Exited (0) 3 hours ago,]
09:49:26Z hon_bh=290 adv_bh=224 ORACLE_FAILS=0 adv_rejects=512 panics=0 exited=[caadv_6h-amaru-consumer-seed-1:Exited (0) 3 hours ago,caadv_6h-bootstrap-producer-1:Exited (0) 3 hours ago,caadv_6h-configurator-1:Exited (0) 3 hours ago,]
10:04:26Z hon_bh=290 adv_bh=224 ORACLE_FAILS=0 adv_rejects=512 panics=0 exited=[caadv_6h-amaru-consumer-seed-1:Exited (0) 3 hours ago,caadv_6h-bootstrap-producer-1:Exited (0) 3 hours ago,caadv_6h-configurator-1:Exited (0) 3 hours ago,]
10:19:26Z hon_bh=290 adv_bh=224 ORACLE_FAILS=0 adv_rejects=512 panics=0 exited=[caadv_6h-amaru-consumer-seed-1:Exited (0) 4 hours ago,caadv_6h-bootstrap-producer-1:Exited (0) 3 hours ago,caadv_6h-configurator-1:Exited (0) 3 hours ago,]
10:34:26Z hon_bh=290 adv_bh=224 ORACLE_FAILS=0 adv_rejects=512 panics=0 exited=[caadv_6h-amaru-consumer-seed-1:Exited (0) 4 hours ago,caadv_6h-bootstrap-producer-1:Exited (0) 4 hours ago,caadv_6h-configurator-1:Exited (0) 4 hours ago,]
10:49:26Z hon_bh=290 adv_bh=224 ORACLE_FAILS=0 adv_rejects=512 panics=0 exited=[caadv_6h-amaru-consumer-seed-1:Exited (0) 4 hours ago,caadv_6h-bootstrap-producer-1:Exited (0) 4 hours ago,caadv_6h-configurator-1:Exited (0) 4 hours ago,]
11:04:27Z hon_bh=290 adv_bh=224 ORACLE_FAILS=0 adv_rejects=512 panics=0 exited=[caadv_6h-amaru-consumer-seed-1:Exited (0) 4 hours ago,caadv_6h-bootstrap-producer-1:Exited (0) 4 hours ago,caadv_6h-configurator-1:Exited (0) 4 hours ago,]
11:19:27Z hon_bh=290 adv_bh=224 ORACLE_FAILS=0 adv_rejects=512 panics=0 exited=[caadv_6h-amaru-consumer-seed-1:Exited (0) 5 hours ago,caadv_6h-bootstrap-producer-1:Exited (0) 4 hours ago,caadv_6h-configurator-1:Exited (0) 4 hours ago,]
11:34:27Z hon_bh=290 adv_bh=224 ORACLE_FAILS=0 adv_rejects=512 panics=0 exited=[caadv_6h-amaru-consumer-seed-1:Exited (0) 5 hours ago,caadv_6h-bootstrap-producer-1:Exited (0) 5 hours ago,caadv_6h-configurator-1:Exited (0) 5 hours ago,]
11:49:27Z hon_bh=290 adv_bh=224 ORACLE_FAILS=0 adv_rejects=512 panics=0 exited=[caadv_6h-amaru-consumer-seed-1:Exited (0) 5 hours ago,caadv_6h-bootstrap-producer-1:Exited (0) 5 hours ago,caadv_6h-configurator-1:Exited (0) 5 hours ago,]
12:04:27Z hon_bh=290 adv_bh=224 ORACLE_FAILS=0 adv_rejects=512 panics=0 exited=[caadv_6h-amaru-consumer-seed-1:Exited (0) 5 hours ago,caadv_6h-bootstrap-producer-1:Exited (0) 5 hours ago,caadv_6h-configurator-1:Exited (0) 5 hours ago,]
12:19:28Z hon_bh=290 adv_bh=224 ORACLE_FAILS=0 adv_rejects=512 panics=0 exited=[caadv_6h-amaru-consumer-seed-1:Exited (0) 6 hours ago,caadv_6h-bootstrap-producer-1:Exited (0) 5 hours ago,caadv_6h-configurator-1:Exited (0) 5 hours ago,]
12:34:28Z hon_bh=290 adv_bh=224 ORACLE_FAILS=0 adv_rejects=512 panics=0 exited=[caadv_6h-amaru-consumer-seed-1:Exited (0) 6 hours ago,caadv_6h-bootstrap-producer-1:Exited (0) 6 hours ago,caadv_6h-configurator-1:Exited (0) 6 hours ago,]
[12:49:28Z] 6h soak WINDOW COMPLETE
