2026-08-02T17:52:52.839128Z  INFO rewards.compute: amaru::ledger: rewards.summarize efficiency=7/8 incentives=114975000000000 treasury_tax=22995000000000 total_rewards=114975000000000 available_rewards=91980000000000 effective_rewards=1415076923074 pots_reserves=43800000000000000 pots_treasury=0 pots_fees=0 [3mfor_epoch[0m[2m=[0m3 [3mamaru.tag.cpu[0m[2m=[0mtrue
2026-08-02T17:52:52.847186Z  INFO epoch_transition.compute:epoch_transition.new_pools_updates: amaru::ledger: close time.busy=26.2µs time.idle=762ns [3mfrom[0m[2m=[0m3 [3minto[0m[2m=[0m4 [3mamaru.tag.cpu[0m[2m=[0mtrue [3mamaru.tag.cpu[0m[2m=[0mtrue
2026-08-02T17:52:52.878581Z  INFO epoch_transition.compute:governance.new_ratification_context: amaru::ledger: close time.busy=95.5µs time.idle=1.54µs [3mfrom[0m[2m=[0m3 [3minto[0m[2m=[0m4 [3mamaru.tag.cpu[0m[2m=[0mtrue [3mratifying_epoch[0m[2m=[0m2 [3mamaru.tag.cpu[0m[2m=[0mtrue [3mtreasury[0m[2m=[0m22995000000000 [3mvotes[0m[2m=[0m0
2026-08-02T17:52:52.886432Z  INFO epoch_transition.compute:epoch_transition.new_governance_updates:governance.ratify_proposals: amaru::ledger: close time.busy=2.92µs time.idle=1.10µs [3mfrom[0m[2m=[0m3 [3minto[0m[2m=[0m4 [3mamaru.tag.cpu[0m[2m=[0mtrue [3mproposals_count[0m[2m=[0m0 [3mamaru.tag.cpu[0m[2m=[0mtrue [3mepoch[0m[2m=[0m2 [3mroots_protocol_parameters[0m[2m=[0mnone [3mroots_hard_fork[0m[2m=[0mnone [3mroots_constitutional_committee[0m[2m=[0mnone [3mroots_constitution[0m[2m=[0mnone [3mamaru.tag.cpu[0m[2m=[0mtrue
2026-08-02T17:52:52.886469Z  INFO epoch_transition.compute:epoch_transition.new_governance_updates: amaru::ledger: ratification.summarize is_dormant_epoch=true [3mfrom[0m[2m=[0m3 [3minto[0m[2m=[0m4 [3mamaru.tag.cpu[0m[2m=[0mtrue [3mproposals_count[0m[2m=[0m0 [3mamaru.tag.cpu[0m[2m=[0mtrue
2026-08-02T17:52:52.886477Z  INFO epoch_transition.compute:epoch_transition.new_governance_updates: amaru::ledger: close time.busy=54.8µs time.idle=1.38µs [3mfrom[0m[2m=[0m3 [3minto[0m[2m=[0m4 [3mamaru.tag.cpu[0m[2m=[0mtrue [3mproposals_count[0m[2m=[0m0 [3mamaru.tag.cpu[0m[2m=[0mtrue
2026-08-02T17:52:52.886485Z  INFO epoch_transition.compute: amaru::ledger: close time.busy=39.4ms time.idle=1.76µs [3mfrom[0m[2m=[0m3 [3minto[0m[2m=[0m4 [3mamaru.tag.cpu[0m[2m=[0mtrue
   amaru::fatal::error
thread 'tokio-rt-worker' (13) panicked at crates/amaru-ledger/src/store/epoch_transition.rs:71:13:
discrepancy between expected total rewards (=1415076923074) and actual total rewards (=1414056923074)
2026-08-02T17:53:53.333736Z  INFO rewards.compute: amaru::ledger: rewards.summarize efficiency=7/8 incentives=114975000000000 treasury_tax=22995000000000 total_rewards=114975000000000 available_rewards=91980000000000 effective_rewards=1415076923074 pots_reserves=43800000000000000 pots_treasury=0 pots_fees=0 [3mfor_epoch[0m[2m=[0m3 [3mamaru.tag.cpu[0m[2m=[0mtrue
2026-08-02T17:53:53.341591Z  INFO epoch_transition.compute:epoch_transition.new_pools_updates: amaru::ledger: close time.busy=16.7µs time.idle=340ns [3mfrom[0m[2m=[0m3 [3minto[0m[2m=[0m4 [3mamaru.tag.cpu[0m[2m=[0mtrue [3mamaru.tag.cpu[0m[2m=[0mtrue
2026-08-02T17:53:53.374692Z  INFO epoch_transition.compute:governance.new_ratification_context: amaru::ledger: close time.busy=98.0µs time.idle=1.38µs [3mfrom[0m[2m=[0m3 [3minto[0m[2m=[0m4 [3mamaru.tag.cpu[0m[2m=[0mtrue [3mratifying_epoch[0m[2m=[0m2 [3mamaru.tag.cpu[0m[2m=[0mtrue [3mtreasury[0m[2m=[0m22995000000000 [3mvotes[0m[2m=[0m0
2026-08-02T17:53:53.382727Z  INFO epoch_transition.compute:epoch_transition.new_governance_updates:governance.ratify_proposals: amaru::ledger: close time.busy=2.70µs time.idle=1.35µs [3mfrom[0m[2m=[0m3 [3minto[0m[2m=[0m4 [3mamaru.tag.cpu[0m[2m=[0mtrue [3mproposals_count[0m[2m=[0m0 [3mamaru.tag.cpu[0m[2m=[0mtrue [3mepoch[0m[2m=[0m2 [3mroots_protocol_parameters[0m[2m=[0mnone [3mroots_hard_fork[0m[2m=[0mnone [3mroots_constitutional_committee[0m[2m=[0mnone [3mroots_constitution[0m[2m=[0mnone [3mamaru.tag.cpu[0m[2m=[0mtrue
2026-08-02T17:53:53.382751Z  INFO epoch_transition.compute:epoch_transition.new_governance_updates: amaru::ledger: ratification.summarize is_dormant_epoch=true [3mfrom[0m[2m=[0m3 [3minto[0m[2m=[0m4 [3mamaru.tag.cpu[0m[2m=[0mtrue [3mproposals_count[0m[2m=[0m0 [3mamaru.tag.cpu[0m[2m=[0mtrue
2026-08-02T17:53:53.382769Z  INFO epoch_transition.compute:epoch_transition.new_governance_updates: amaru::ledger: close time.busy=51.7µs time.idle=1.72µs [3mfrom[0m[2m=[0m3 [3minto[0m[2m=[0m4 [3mamaru.tag.cpu[0m[2m=[0mtrue [3mproposals_count[0m[2m=[0m0 [3mamaru.tag.cpu[0m[2m=[0mtrue
2026-08-02T17:53:53.382777Z  INFO epoch_transition.compute: amaru::ledger: close time.busy=41.3ms time.idle=1.35µs [3mfrom[0m[2m=[0m3 [3minto[0m[2m=[0m4 [3mamaru.tag.cpu[0m[2m=[0mtrue
   amaru::fatal::error
thread 'tokio-rt-worker' (13) panicked at crates/amaru-ledger/src/store/epoch_transition.rs:71:13:
discrepancy between expected total rewards (=1415076923074) and actual total rewards (=1414056923074)
2026-08-02T17:54:53.784796Z  INFO rewards.compute: amaru::ledger: rewards.summarize efficiency=7/8 incentives=114975000000000 treasury_tax=22995000000000 total_rewards=114975000000000 available_rewards=91980000000000 effective_rewards=1415076923074 pots_reserves=43800000000000000 pots_treasury=0 pots_fees=0 [3mfor_epoch[0m[2m=[0m3 [3mamaru.tag.cpu[0m[2m=[0mtrue
2026-08-02T17:54:53.792846Z  INFO epoch_transition.compute:epoch_transition.new_pools_updates: amaru::ledger: close time.busy=20.1µs time.idle=520ns [3mfrom[0m[2m=[0m3 [3minto[0m[2m=[0m4 [3mamaru.tag.cpu[0m[2m=[0mtrue [3mamaru.tag.cpu[0m[2m=[0mtrue
2026-08-02T17:54:53.823976Z  INFO epoch_transition.compute:governance.new_ratification_context: amaru::ledger: close time.busy=99.3µs time.idle=1.85µs [3mfrom[0m[2m=[0m3 [3minto[0m[2m=[0m4 [3mamaru.tag.cpu[0m[2m=[0mtrue [3mratifying_epoch[0m[2m=[0m2 [3mamaru.tag.cpu[0m[2m=[0mtrue [3mtreasury[0m[2m=[0m22995000000000 [3mvotes[0m[2m=[0m0
2026-08-02T17:54:53.831705Z  INFO epoch_transition.compute:epoch_transition.new_governance_updates:governance.ratify_proposals: amaru::ledger: close time.busy=3.03µs time.idle=1.35µs [3mfrom[0m[2m=[0m3 [3minto[0m[2m=[0m4 [3mamaru.tag.cpu[0m[2m=[0mtrue [3mproposals_count[0m[2m=[0m0 [3mamaru.tag.cpu[0m[2m=[0mtrue [3mepoch[0m[2m=[0m2 [3mroots_protocol_parameters[0m[2m=[0mnone [3mroots_hard_fork[0m[2m=[0mnone [3mroots_constitutional_committee[0m[2m=[0mnone [3mroots_constitution[0m[2m=[0mnone [3mamaru.tag.cpu[0m[2m=[0mtrue
2026-08-02T17:54:53.831729Z  INFO epoch_transition.compute:epoch_transition.new_governance_updates: amaru::ledger: ratification.summarize is_dormant_epoch=true [3mfrom[0m[2m=[0m3 [3minto[0m[2m=[0m4 [3mamaru.tag.cpu[0m[2m=[0mtrue [3mproposals_count[0m[2m=[0m0 [3mamaru.tag.cpu[0m[2m=[0mtrue
2026-08-02T17:54:53.831738Z  INFO epoch_transition.compute:epoch_transition.new_governance_updates: amaru::ledger: close time.busy=42.9µs time.idle=1.32µs [3mfrom[0m[2m=[0m3 [3minto[0m[2m=[0m4 [3mamaru.tag.cpu[0m[2m=[0mtrue [3mproposals_count[0m[2m=[0m0 [3mamaru.tag.cpu[0m[2m=[0mtrue
2026-08-02T17:54:53.831745Z  INFO epoch_transition.compute: amaru::ledger: close time.busy=39.0ms time.idle=1.24µs [3mfrom[0m[2m=[0m3 [3minto[0m[2m=[0m4 [3mamaru.tag.cpu[0m[2m=[0mtrue
   amaru::fatal::error
thread 'tokio-rt-worker' (13) panicked at crates/amaru-ledger/src/store/epoch_transition.rs:71:13:
discrepancy between expected total rewards (=1415076923074) and actual total rewards (=1414056923074)
